python : F.F.
At line:1 char:1
+ python tests_parsers.py 
> test_output.txt 2>&1
+ ~~~~~~~~~~~~~~~~~~~~~~~~
~~~~~~~~~~~~~~~~~~~~~~
    + CategoryInfo        
      : NotSpecified: (F  
  .F.:String) [], Remot   
 eException
    + FullyQualifiedError 
   Id : NativeCommandErr  
  or
 
==========================
==========================
==================
FAIL: test_c_parser (__mai
n__.TestParsers.test_c_par
ser)
--------------------------
--------------------------
------------------
Traceback (most recent 
call last):
  File "C:\Users\ASUS\OneD
rive\Desktop\Antigravity\C
odeToFlow\tests_parsers.py
", line 26, in 
test_c_parser
    self.assertTrue(len(re
sult['nodes']) > 0)
    ~~~~~~~~~~~~~~~^^^^^^^
^^^^^^^^^^^^^^^^^^^
AssertionError: False is 
not true

==========================
==========================
==================
FAIL: test_java_parser (__
main__.TestParsers.test_ja
va_parser)
--------------------------
--------------------------
------------------
Traceback (most recent 
call last):
  File "C:\Users\ASUS\OneD
rive\Desktop\Antigravity\C
odeToFlow\tests_parsers.py
", line 33, in 
test_java_parser
    self.assertTrue(len(re
sult['nodes']) > 0)
    ~~~~~~~~~~~~~~~^^^^^^^
^^^^^^^^^^^^^^^^^^^
AssertionError: False is 
not true

--------------------------
--------------------------
------------------
Ran 4 tests in 0.035s

FAILED (failures=2)
